******************************************************************************
                  TI ARM Linker PC v20.2.6                     
******************************************************************************
>> Linked Fri Mar 18 16:18:40 2022

OUTPUT FILE NAME:   <Laboratorio9.out>
ENTRY POINT SYMBOL: "_c_int00_noargs"  address: 00000f4d


MEMORY CONFIGURATION

         name            origin    length      used     unused   attr    fill
----------------------  --------  ---------  --------  --------  ----  --------
  FLASH                 00000000   00040000  00001274  0003ed8c  R  X
  SRAM                  20000000   00008000  00000205  00007dfb  RW X


SEGMENT ALLOCATION MAP

run origin  load origin   length   init length attrs members
----------  ----------- ---------- ----------- ----- -------
00000000    00000000    00001278   00001278    r-x
  00000000    00000000    0000026c   0000026c    r-- .intvecs
  0000026c    0000026c    00000e54   00000e54    r-x .text
  000010c0    000010c0    0000019c   0000019c    r-- .const
  00001260    00001260    00000018   00000018    r-- .cinit
20000000    20000000    00000205   00000000    rw-
  20000000    20000000    00000200   00000000    rw- .stack
  20000200    20000200    00000005   00000000    rw- .data


SECTION ALLOCATION MAP

 output                                  attributes/
section   page    origin      length       input sections
--------  ----  ----------  ----------   ----------------
.intvecs   0    00000000    0000026c     
                  00000000    0000026c     adc_timer_uart_startup_ccs.obj (.intvecs)

.text      0    0000026c    00000e54     
                  0000026c    000004dc     uartstdio.obj (.text)
                  00000748    00000134     adc_timer_uart.obj (.text)
                  0000087c    00000132     driverlib.lib : gpio.obj (.text:GPIOPadConfigSet)
                  000009ae    00000002     rtsv7M4_T_le_v4SPD16_eabi.lib : div0.asm.obj (.text)
                  000009b0    00000110     driverlib.lib : sysctl.obj (.text:SysCtlClockGet)
                  00000ac0    000000f4                   : sysctl.obj (.text:SysCtlClockSet)
                  00000bb4    0000009c     rtsv7M4_T_le_v4SPD16_eabi.lib : memcpy_t2.asm.obj (.text)
                  00000c50    0000007a     driverlib.lib : adc.obj (.text:ADCSequenceStepConfigure)
                  00000cca    00000002     --HOLE-- [fill = 0]
                  00000ccc    00000068                   : interrupt.obj (.text:IntEnable)
                  00000d34    00000068     rtsv7M4_T_le_v4SPD16_eabi.lib : copy_decompress_lzss.c.obj (.text:decompress:lzss:__TI_decompress_lzss)
                  00000d9c    00000060     driverlib.lib : timer.obj (.text:TimerConfigure)
                  00000dfc    00000050                   : adc.obj (.text:ADCSequenceConfigure)
                  00000e4c    00000048                   : gpio.obj (.text:GPIOPinConfigure)
                  00000e94    00000044     rtsv7M4_T_le_v4SPD16_eabi.lib : autoinit.c.obj (.text:__TI_auto_init_nobinit_nopinit:__TI_auto_init_nobinit_nopinit)
                  00000ed8    00000040                                   : u_divt2.asm.obj (.text)
                  00000f18    00000034     driverlib.lib : sysctl.obj (.text:SysCtlPeripheralEnable)
                  00000f4c    00000034     rtsv7M4_T_le_v4SPD16_eabi.lib : boot_cortex_m.c.obj (.text:_c_int00_noargs:_c_int00_noargs)
                  00000f80    0000002e     driverlib.lib : adc.obj (.text:ADCIntStatus)
                  00000fae    0000002a                   : gpio.obj (.text:GPIODirModeSet)
                  00000fd8    0000001e                   : adc.obj (.text:ADCSequenceDataGet)
                  00000ff6    00000018                   : adc.obj (.text:ADCProcessorTrigger)
                  0000100e    00000012                   : gpio.obj (.text:GPIOPinTypeADC)
                  00001020    00000012                   : gpio.obj (.text:GPIOPinTypeUART)
                  00001032    00000012                   : timer.obj (.text:TimerLoadSet)
                  00001044    00000010                   : interrupt.obj (.text:IntMasterEnable)
                  00001054    0000000e                   : adc.obj (.text:ADCSequenceEnable)
                  00001062    0000000e                   : timer.obj (.text:TimerEnable)
                  00001070    0000000e     rtsv7M4_T_le_v4SPD16_eabi.lib : copy_decompress_none.c.obj (.text:decompress:none:__TI_decompress_none)
                  0000107e    0000000c     driverlib.lib : cpu.obj (.text:CPUcpsie)
                  0000108a    0000000c     adc_timer_uart_startup_ccs.obj (.text)
                  00001096    0000000a     driverlib.lib : adc.obj (.text:ADCIntClear)
                  000010a0    00000008                   : timer.obj (.text:TimerIntEnable)
                  000010a8    00000006                   : sysctl.obj (.text:SysCtlDelay)
                  000010ae    00000006                   : uart.obj (.text:UARTClockSourceSet)
                  000010b4    00000004                   : timer.obj (.text:TimerIntClear)
                  000010b8    00000004     rtsv7M4_T_le_v4SPD16_eabi.lib : pre_init.c.obj (.text:_system_pre_init)
                  000010bc    00000004                                   : exit.c.obj (.text:abort:abort)

.const     0    000010c0    0000019c     
                  000010c0    00000090     driverlib.lib : gpio.obj (.const:g_pui32GPIOBaseAddrs)
                  00001150    00000070                   : interrupt.obj (.const)
                  000011c0    0000006c                   : sysctl.obj (.const:g_pui32Xtals)
                  0000122c    00000012     uartstdio.obj (.const:.string)
                  0000123e    00000002     --HOLE-- [fill = 0]
                  00001240    0000000c     uartstdio.obj (.const:g_ui32UARTBase)
                  0000124c    0000000c     uartstdio.obj (.const:g_ui32UARTPeriph)
                  00001258    00000004     uartstdio.obj (.const)

.cinit     0    00001260    00000018     
                  00001260    00000008     (__TI_handler_table)
                  00001268    00000007     (.cinit..data.load) [load image, compression = lzss]
                  0000126f    00000001     --HOLE-- [fill = 0]
                  00001270    00000008     (__TI_cinit_table)

.init_array 
*          0    00000000    00000000     UNINITIALIZED

.data      0    20000200    00000005     UNINITIALIZED
                  20000200    00000005     uartstdio.obj (.data)

.stack     0    20000000    00000200     UNINITIALIZED
                  20000000    00000004     rtsv7M4_T_le_v4SPD16_eabi.lib : boot_cortex_m.c.obj (.stack)
                  20000004    000001fc     --HOLE--

__llvm_prf_cnts 
*          0    20000000    00000000     UNINITIALIZED

MODULE SUMMARY

       Module                           code   ro data   rw data
       ------                           ----   -------   -------
    .\
       uartstdio.obj                    1244   46        5      
       adc_timer_uart_startup_ccs.obj   12     620       0      
       adc_timer_uart.obj               308    0         0      
    +--+--------------------------------+------+---------+---------+
       Total:                           1564   666       5      
                                                                
    C:/ti/TivaWare_C_Series-2.1.4.178/driverlib/ccs/Debug/driverlib.lib
       sysctl.obj                       574    108       0      
       gpio.obj                         456    144       0      
       adc.obj                          326    0         0      
       interrupt.obj                    120    112       0      
       timer.obj                        140    0         0      
       cpu.obj                          12     0         0      
       uart.obj                         6      0         0      
    +--+--------------------------------+------+---------+---------+
       Total:                           1634   364       0      
                                                                
    C:\ti\ccs1110\ccs\tools\compiler\ti-cgt-arm_20.2.6.LTS\lib\rtsv7M4_T_le_v4SPD16_eabi.lib
       memcpy_t2.asm.obj                156    0         0      
       copy_decompress_lzss.c.obj       104    0         0      
       autoinit.c.obj                   68     0         0      
       u_divt2.asm.obj                  64     0         0      
       boot_cortex_m.c.obj              52     0         0      
       copy_decompress_none.c.obj       14     0         0      
       exit.c.obj                       4      0         0      
       pre_init.c.obj                   4      0         0      
       div0.asm.obj                     2      0         0      
    +--+--------------------------------+------+---------+---------+
       Total:                           468    0         0      
                                                                
       Stack:                           0      0         512    
       Linker Generated:                0      23        0      
    +--+--------------------------------+------+---------+---------+
       Grand Total:                     3666   1053      517    


LINKER GENERATED COPY TABLES

__TI_cinit_table @ 00001270 records: 1, size/record: 8, table size: 8
	.data: load addr=00001268, load size=00000007 bytes, run addr=20000200, run size=00000005 bytes, compression=lzss


LINKER GENERATED HANDLER TABLE

__TI_handler_table @ 00001260 records: 2, size/record: 4, table size: 8
	index: 0, handler: __TI_decompress_lzss
	index: 1, handler: __TI_decompress_none


GLOBAL SYMBOLS: SORTED ALPHABETICALLY BY Name 

address   name                          
-------   ----                          
00001097  ADCIntClear                   
00000f81  ADCIntStatus                  
00000ff7  ADCProcessorTrigger           
00000dfd  ADCSequenceConfigure          
00000fd9  ADCSequenceDataGet            
00001055  ADCSequenceEnable             
00000c51  ADCSequenceStepConfigure      
000010bd  C$$EXIT                       
0000107f  CPUcpsie                      
00000faf  GPIODirModeSet                
0000087d  GPIOPadConfigSet              
00000e4d  GPIOPinConfigure              
0000100f  GPIOPinTypeADC                
00001021  GPIOPinTypeUART               
00000785  InitConsole                   
00000ccd  IntEnable                     
00001045  IntMasterEnable               
0000108b  ResetISR                      
000009b1  SysCtlClockGet                
00000ac1  SysCtlClockSet                
000010a9  SysCtlDelay                   
00000f19  SysCtlPeripheralEnable        
00000749  Timer0IntHandler              
00000d9d  TimerConfigure                
00001063  TimerEnable                   
000010b5  TimerIntClear                 
000010a1  TimerIntEnable                
00001033  TimerLoadSet                  
000010af  UARTClockSourceSet            
0000026d  UARTStdioConfig               
000003e5  UARTgetc                      
0000031f  UARTgets                      
00000713  UARTprintf                    
00000419  UARTvprintf                   
000002cd  UARTwrite                     
20000200  __STACK_END                   
00000200  __STACK_SIZE                  
20000200  __STACK_TOP                   
00001270  __TI_CINIT_Base               
00001278  __TI_CINIT_Limit              
00001260  __TI_Handler_Table_Base       
00001268  __TI_Handler_Table_Limit      
00000e95  __TI_auto_init_nobinit_nopinit
00000d35  __TI_decompress_lzss          
00001071  __TI_decompress_none          
ffffffff  __TI_pprof_out_hndl           
ffffffff  __TI_prof_data_size           
ffffffff  __TI_prof_data_start          
00000000  __TI_static_base__            
000009af  __aeabi_idiv0                 
000009af  __aeabi_ldiv0                 
00000bb5  __aeabi_memcpy                
00000bb5  __aeabi_memcpy4               
00000bb5  __aeabi_memcpy8               
00000ed9  __aeabi_uidiv                 
00000ed9  __aeabi_uidivmod              
ffffffff  __binit__                     
ffffffff  __c_args__                    
UNDEFED   __mpu_init                    
20000000  __stack                       
20000000  __start___llvm_prf_cnts       
20000000  __stop___llvm_prf_cnts        
00000f4d  _c_int00_noargs               
UNDEFED   _system_post_cinit            
000010b9  _system_pre_init              
000010bd  abort                         
ffffffff  binit                         
00000000  g_pfnVectors                  
000007c1  main                          
00000bb5  memcpy                        


GLOBAL SYMBOLS: SORTED BY Symbol Address 

address   name                          
-------   ----                          
00000000  __TI_static_base__            
00000000  g_pfnVectors                  
00000200  __STACK_SIZE                  
0000026d  UARTStdioConfig               
000002cd  UARTwrite                     
0000031f  UARTgets                      
000003e5  UARTgetc                      
00000419  UARTvprintf                   
00000713  UARTprintf                    
00000749  Timer0IntHandler              
00000785  InitConsole                   
000007c1  main                          
0000087d  GPIOPadConfigSet              
000009af  __aeabi_idiv0                 
000009af  __aeabi_ldiv0                 
000009b1  SysCtlClockGet                
00000ac1  SysCtlClockSet                
00000bb5  __aeabi_memcpy                
00000bb5  __aeabi_memcpy4               
00000bb5  __aeabi_memcpy8               
00000bb5  memcpy                        
00000c51  ADCSequenceStepConfigure      
00000ccd  IntEnable                     
00000d35  __TI_decompress_lzss          
00000d9d  TimerConfigure                
00000dfd  ADCSequenceConfigure          
00000e4d  GPIOPinConfigure              
00000e95  __TI_auto_init_nobinit_nopinit
00000ed9  __aeabi_uidiv                 
00000ed9  __aeabi_uidivmod              
00000f19  SysCtlPeripheralEnable        
00000f4d  _c_int00_noargs               
00000f81  ADCIntStatus                  
00000faf  GPIODirModeSet                
00000fd9  ADCSequenceDataGet            
00000ff7  ADCProcessorTrigger           
0000100f  GPIOPinTypeADC                
00001021  GPIOPinTypeUART               
00001033  TimerLoadSet                  
00001045  IntMasterEnable               
00001055  ADCSequenceEnable             
00001063  TimerEnable                   
00001071  __TI_decompress_none          
0000107f  CPUcpsie                      
0000108b  ResetISR                      
00001097  ADCIntClear                   
000010a1  TimerIntEnable                
000010a9  SysCtlDelay                   
000010af  UARTClockSourceSet            
000010b5  TimerIntClear                 
000010b9  _system_pre_init              
000010bd  C$$EXIT                       
000010bd  abort                         
00001260  __TI_Handler_Table_Base       
00001268  __TI_Handler_Table_Limit      
00001270  __TI_CINIT_Base               
00001278  __TI_CINIT_Limit              
20000000  __stack                       
20000000  __start___llvm_prf_cnts       
20000000  __stop___llvm_prf_cnts        
20000200  __STACK_END                   
20000200  __STACK_TOP                   
ffffffff  __TI_pprof_out_hndl           
ffffffff  __TI_prof_data_size           
ffffffff  __TI_prof_data_start          
ffffffff  __binit__                     
ffffffff  __c_args__                    
ffffffff  binit                         
UNDEFED   __mpu_init                    
UNDEFED   _system_post_cinit            

[70 symbols]
