******************************************************************************
                  TI ARM Linker PC v20.2.6                     
******************************************************************************
>> Linked Mon Apr 25 19:03:20 2022

OUTPUT FILE NAME:   <Laboratorio11.out>
ENTRY POINT SYMBOL: "_c_int00_noargs"  address: 000010cd


MEMORY CONFIGURATION

         name            origin    length      used     unused   attr    fill
----------------------  --------  ---------  --------  --------  ----  --------
  FLASH                 00000000   00040000  00001432  0003ebce  R  X
  SRAM                  20000000   00008000  0000021d  00007de3  RW X


SEGMENT ALLOCATION MAP

run origin  load origin   length   init length attrs members
----------  ----------- ---------- ----------- ----- -------
00000000    00000000    00001438   00001438    r-x
  00000000    00000000    0000026c   0000026c    r-- .intvecs
  0000026c    0000026c    0000100a   0000100a    r-x .text
  00001278    00001278    0000019c   0000019c    r-- .const
  00001418    00001418    00000020   00000020    r-- .cinit
20000000    20000000    0000021d   00000000    rw-
  20000000    20000000    00000200   00000000    rw- .stack
  20000200    20000200    0000001d   00000000    rw- .data


SECTION ALLOCATION MAP

 output                                  attributes/
section   page    origin      length       input sections
--------  ----  ----------  ----------   ----------------
.intvecs   0    00000000    0000026c     
                  00000000    0000026c     adc_timer_uart_startup_ccs.obj (.intvecs)

.text      0    0000026c    0000100a     
                  0000026c    000004dc     uartstdio.obj (.text)
                  00000748    000002b4     adc_timer_uart.obj (.text)
                  000009fc    00000132     driverlib.lib : gpio.obj (.text:GPIOPadConfigSet)
                  00000b2e    00000002     rtsv7M4_T_le_v4SPD16_eabi.lib : div0.asm.obj (.text)
                  00000b30    00000110     driverlib.lib : sysctl.obj (.text:SysCtlClockGet)
                  00000c40    000000f4                   : sysctl.obj (.text:SysCtlClockSet)
                  00000d34    0000009c     rtsv7M4_T_le_v4SPD16_eabi.lib : memcpy_t2.asm.obj (.text)
                  00000dd0    0000007a     driverlib.lib : adc.obj (.text:ADCSequenceStepConfigure)
                  00000e4a    00000002     --HOLE-- [fill = 0]
                  00000e4c    00000068                   : interrupt.obj (.text:IntEnable)
                  00000eb4    00000068     rtsv7M4_T_le_v4SPD16_eabi.lib : copy_decompress_lzss.c.obj (.text:decompress:lzss:__TI_decompress_lzss)
                  00000f1c    00000060     driverlib.lib : timer.obj (.text:TimerConfigure)
                  00000f7c    00000050                   : adc.obj (.text:ADCSequenceConfigure)
                  00000fcc    00000048                   : gpio.obj (.text:GPIOPinConfigure)
                  00001014    00000044     rtsv7M4_T_le_v4SPD16_eabi.lib : autoinit.c.obj (.text:__TI_auto_init_nobinit_nopinit:__TI_auto_init_nobinit_nopinit)
                  00001058    00000040                                   : u_divt2.asm.obj (.text)
                  00001098    00000034     driverlib.lib : sysctl.obj (.text:SysCtlPeripheralEnable)
                  000010cc    00000034     rtsv7M4_T_le_v4SPD16_eabi.lib : boot_cortex_m.c.obj (.text:_c_int00_noargs:_c_int00_noargs)
                  00001100    0000002e     driverlib.lib : adc.obj (.text:ADCIntStatus)
                  0000112e    0000002a                   : gpio.obj (.text:GPIODirModeSet)
                  00001158    0000001e                   : adc.obj (.text:ADCSequenceDataGet)
                  00001176    00000018                   : adc.obj (.text:ADCProcessorTrigger)
                  0000118e    00000018                   : gpio.obj (.text:GPIOPinTypeGPIOOutput)
                  000011a6    00000012                   : gpio.obj (.text:GPIOPinTypeADC)
                  000011b8    00000012                   : gpio.obj (.text:GPIOPinTypeGPIOInput)
                  000011ca    00000012                   : gpio.obj (.text:GPIOPinTypeUART)
                  000011dc    00000012                   : timer.obj (.text:TimerLoadSet)
                  000011ee    00000010                   : interrupt.obj (.text:IntMasterEnable)
                  000011fe    0000000e                   : adc.obj (.text:ADCSequenceEnable)
                  0000120c    0000000e                   : timer.obj (.text:TimerEnable)
                  0000121a    0000000e     rtsv7M4_T_le_v4SPD16_eabi.lib : copy_decompress_none.c.obj (.text:decompress:none:__TI_decompress_none)
                  00001228    0000000c     driverlib.lib : cpu.obj (.text:CPUcpsie)
                  00001234    0000000c     adc_timer_uart_startup_ccs.obj (.text)
                  00001240    0000000a     driverlib.lib : adc.obj (.text:ADCIntClear)
                  0000124a    00000008                   : timer.obj (.text:TimerIntEnable)
                  00001252    00000006                   : gpio.obj (.text:GPIOPinRead)
                  00001258    00000006                   : gpio.obj (.text:GPIOPinWrite)
                  0000125e    00000006                   : sysctl.obj (.text:SysCtlDelay)
                  00001264    00000006                   : uart.obj (.text:UARTClockSourceSet)
                  0000126a    00000004                   : timer.obj (.text:TimerIntClear)
                  0000126e    00000004     rtsv7M4_T_le_v4SPD16_eabi.lib : pre_init.c.obj (.text:_system_pre_init)
                  00001272    00000004                                   : exit.c.obj (.text:abort:abort)

.const     0    00001278    0000019c     
                  00001278    00000090     driverlib.lib : gpio.obj (.const:g_pui32GPIOBaseAddrs)
                  00001308    00000070                   : interrupt.obj (.const)
                  00001378    0000006c                   : sysctl.obj (.const:g_pui32Xtals)
                  000013e4    00000012     uartstdio.obj (.const:.string)
                  000013f6    00000002     --HOLE-- [fill = 0]
                  000013f8    0000000c     uartstdio.obj (.const:g_ui32UARTBase)
                  00001404    0000000c     uartstdio.obj (.const:g_ui32UARTPeriph)
                  00001410    00000004     uartstdio.obj (.const)

.cinit     0    00001418    00000020     
                  00001418    0000000d     (.cinit..data.load) [load image, compression = lzss]
                  00001425    00000003     --HOLE-- [fill = 0]
                  00001428    00000008     (__TI_handler_table)
                  00001430    00000008     (__TI_cinit_table)

.init_array 
*          0    00000000    00000000     UNINITIALIZED

.data      0    20000200    0000001d     UNINITIALIZED
                  20000200    00000016     adc_timer_uart.obj (.data)
                  20000216    00000002     --HOLE--
                  20000218    00000005     uartstdio.obj (.data)

.stack     0    20000000    00000200     UNINITIALIZED
                  20000000    00000004     rtsv7M4_T_le_v4SPD16_eabi.lib : boot_cortex_m.c.obj (.stack)
                  20000004    000001fc     --HOLE--

__llvm_prf_cnts 
*          0    20000000    00000000     UNINITIALIZED

MODULE SUMMARY

       Module                           code   ro data   rw data
       ------                           ----   -------   -------
    .\
       uartstdio.obj                    1244   46        5      
       adc_timer_uart.obj               692    0         22     
       adc_timer_uart_startup_ccs.obj   12     620       0      
    +--+--------------------------------+------+---------+---------+
       Total:                           1948   666       27     
                                                                
    C:/ti/TivaWare_C_Series-2.1.4.178/driverlib/ccs/Debug/driverlib.lib
       sysctl.obj                       574    108       0      
       gpio.obj                         510    144       0      
       adc.obj                          326    0         0      
       interrupt.obj                    120    112       0      
       timer.obj                        140    0         0      
       cpu.obj                          12     0         0      
       uart.obj                         6      0         0      
    +--+--------------------------------+------+---------+---------+
       Total:                           1688   364       0      
                                                                
    C:\ti\ccs1110\ccs\tools\compiler\ti-cgt-arm_20.2.6.LTS\lib\rtsv7M4_T_le_v4SPD16_eabi.lib
       memcpy_t2.asm.obj                156    0         0      
       copy_decompress_lzss.c.obj       104    0         0      
       autoinit.c.obj                   68     0         0      
       u_divt2.asm.obj                  64     0         0      
       boot_cortex_m.c.obj              52     0         0      
       copy_decompress_none.c.obj       14     0         0      
       exit.c.obj                       4      0         0      
       pre_init.c.obj                   4      0         0      
       div0.asm.obj                     2      0         0      
    +--+--------------------------------+------+---------+---------+
       Total:                           468    0         0      
                                                                
       Stack:                           0      0         512    
       Linker Generated:                0      29        0      
    +--+--------------------------------+------+---------+---------+
       Grand Total:                     4104   1059      539    


LINKER GENERATED COPY TABLES

__TI_cinit_table @ 00001430 records: 1, size/record: 8, table size: 8
	.data: load addr=00001418, load size=0000000d bytes, run addr=20000200, run size=0000001d bytes, compression=lzss


LINKER GENERATED HANDLER TABLE

__TI_handler_table @ 00001428 records: 2, size/record: 4, table size: 8
	index: 0, handler: __TI_decompress_lzss
	index: 1, handler: __TI_decompress_none


GLOBAL SYMBOLS: SORTED ALPHABETICALLY BY Name 

address   name                          
-------   ----                          
00001241  ADCIntClear                   
00001101  ADCIntStatus                  
00001177  ADCProcessorTrigger           
00000f7d  ADCSequenceConfigure          
00001159  ADCSequenceDataGet            
000011ff  ADCSequenceEnable             
00000dd1  ADCSequenceStepConfigure      
00001273  C$$EXIT                       
00001229  CPUcpsie                      
0000112f  GPIODirModeSet                
000009fd  GPIOPadConfigSet              
00000fcd  GPIOPinConfigure              
00001253  GPIOPinRead                   
000011a7  GPIOPinTypeADC                
000011b9  GPIOPinTypeGPIOInput          
0000118f  GPIOPinTypeGPIOOutput         
000011cb  GPIOPinTypeUART               
00001259  GPIOPinWrite                  
00000947  InitConsole                   
00000e4d  IntEnable                     
000011ef  IntMasterEnable               
00001235  ResetISR                      
00000b31  SysCtlClockGet                
00000c41  SysCtlClockSet                
0000125f  SysCtlDelay                   
00001099  SysCtlPeripheralEnable        
00000857  Timer0IntHandler              
00000f1d  TimerConfigure                
0000120d  TimerEnable                   
0000126b  TimerIntClear                 
0000124b  TimerIntEnable                
000011dd  TimerLoadSet                  
00001265  UARTClockSourceSet            
0000026d  UARTStdioConfig               
000003e5  UARTgetc                      
0000031f  UARTgets                      
00000713  UARTprintf                    
00000419  UARTvprintf                   
000002cd  UARTwrite                     
20000200  __STACK_END                   
00000200  __STACK_SIZE                  
20000200  __STACK_TOP                   
00001430  __TI_CINIT_Base               
00001438  __TI_CINIT_Limit              
00001428  __TI_Handler_Table_Base       
00001430  __TI_Handler_Table_Limit      
00001015  __TI_auto_init_nobinit_nopinit
00000eb5  __TI_decompress_lzss          
0000121b  __TI_decompress_none          
ffffffff  __TI_pprof_out_hndl           
ffffffff  __TI_prof_data_size           
ffffffff  __TI_prof_data_start          
00000000  __TI_static_base__            
00000b2f  __aeabi_idiv0                 
00000b2f  __aeabi_ldiv0                 
00000d35  __aeabi_memcpy                
00000d35  __aeabi_memcpy4               
00000d35  __aeabi_memcpy8               
00001059  __aeabi_uidiv                 
00001059  __aeabi_uidivmod              
ffffffff  __binit__                     
ffffffff  __c_args__                    
UNDEFED   __mpu_init                    
20000000  __stack                       
20000000  __start___llvm_prf_cnts       
20000000  __stop___llvm_prf_cnts        
000010cd  _c_int00_noargs               
UNDEFED   _system_post_cinit            
0000126f  _system_pre_init              
00001273  abort                         
ffffffff  binit                         
00000983  delayMs                       
00000000  g_pfnVectors                  
20000210  landa1                        
20000215  leo                           
00000749  main                          
00000d35  memcpy                        
20000214  turno                         
20000200  x1_n                          
20000208  x1_n_1                        
20000204  y1_n                          
2000020c  y1_n_1                        


GLOBAL SYMBOLS: SORTED BY Symbol Address 

address   name                          
-------   ----                          
00000000  __TI_static_base__            
00000000  g_pfnVectors                  
00000200  __STACK_SIZE                  
0000026d  UARTStdioConfig               
000002cd  UARTwrite                     
0000031f  UARTgets                      
000003e5  UARTgetc                      
00000419  UARTvprintf                   
00000713  UARTprintf                    
00000749  main                          
00000857  Timer0IntHandler              
00000947  InitConsole                   
00000983  delayMs                       
000009fd  GPIOPadConfigSet              
00000b2f  __aeabi_idiv0                 
00000b2f  __aeabi_ldiv0                 
00000b31  SysCtlClockGet                
00000c41  SysCtlClockSet                
00000d35  __aeabi_memcpy                
00000d35  __aeabi_memcpy4               
00000d35  __aeabi_memcpy8               
00000d35  memcpy                        
00000dd1  ADCSequenceStepConfigure      
00000e4d  IntEnable                     
00000eb5  __TI_decompress_lzss          
00000f1d  TimerConfigure                
00000f7d  ADCSequenceConfigure          
00000fcd  GPIOPinConfigure              
00001015  __TI_auto_init_nobinit_nopinit
00001059  __aeabi_uidiv                 
00001059  __aeabi_uidivmod              
00001099  SysCtlPeripheralEnable        
000010cd  _c_int00_noargs               
00001101  ADCIntStatus                  
0000112f  GPIODirModeSet                
00001159  ADCSequenceDataGet            
00001177  ADCProcessorTrigger           
0000118f  GPIOPinTypeGPIOOutput         
000011a7  GPIOPinTypeADC                
000011b9  GPIOPinTypeGPIOInput          
000011cb  GPIOPinTypeUART               
000011dd  TimerLoadSet                  
000011ef  IntMasterEnable               
000011ff  ADCSequenceEnable             
0000120d  TimerEnable                   
0000121b  __TI_decompress_none          
00001229  CPUcpsie                      
00001235  ResetISR                      
00001241  ADCIntClear                   
0000124b  TimerIntEnable                
00001253  GPIOPinRead                   
00001259  GPIOPinWrite                  
0000125f  SysCtlDelay                   
00001265  UARTClockSourceSet            
0000126b  TimerIntClear                 
0000126f  _system_pre_init              
00001273  C$$EXIT                       
00001273  abort                         
00001428  __TI_Handler_Table_Base       
00001430  __TI_CINIT_Base               
00001430  __TI_Handler_Table_Limit      
00001438  __TI_CINIT_Limit              
20000000  __stack                       
20000000  __start___llvm_prf_cnts       
20000000  __stop___llvm_prf_cnts        
20000200  __STACK_END                   
20000200  __STACK_TOP                   
20000200  x1_n                          
20000204  y1_n                          
20000208  x1_n_1                        
2000020c  y1_n_1                        
20000210  landa1                        
20000214  turno                         
20000215  leo                           
ffffffff  __TI_pprof_out_hndl           
ffffffff  __TI_prof_data_size           
ffffffff  __TI_prof_data_start          
ffffffff  __binit__                     
ffffffff  __c_args__                    
ffffffff  binit                         
UNDEFED   __mpu_init                    
UNDEFED   _system_post_cinit            

[82 symbols]
