******************************************************************************
                  TI ARM Linker PC v20.2.6                     
******************************************************************************
>> Linked Wed Oct  5 11:26:11 2022

OUTPUT FILE NAME:   <proyecto.out>
ENTRY POINT SYMBOL: "_c_int00_noargs"  address: 00001199


MEMORY CONFIGURATION

         name            origin    length      used     unused   attr    fill
----------------------  --------  ---------  --------  --------  ----  --------
  FLASH                 00000000   00040000  00001560  0003eaa0  R  X
  SRAM                  20000000   00008000  00000229  00007dd7  RW X


SEGMENT ALLOCATION MAP

run origin  load origin   length   init length attrs members
----------  ----------- ---------- ----------- ----- -------
00000000    00000000    00001560   00001560    r-x
  00000000    00000000    0000026c   0000026c    r-- .intvecs
  0000026c    0000026c    00001120   00001120    r-x .text
  0000138c    0000138c    0000019c   0000019c    r-- .const
  00001528    00001528    00000038   00000038    r-- .cinit
20000000    20000000    0000022c   00000000    rw-
  20000000    20000000    00000200   00000000    rw- .stack
  20000200    20000200    00000025   00000000    rw- .data
  20000228    20000228    00000004   00000000    rw- .bss


SECTION ALLOCATION MAP

 output                                  attributes/
section   page    origin      length       input sections
--------  ----  ----------  ----------   ----------------
.intvecs   0    00000000    0000026c     
                  00000000    0000026c     adc_timer_uart_startup_ccs.obj (.intvecs)

.text      0    0000026c    00001120     
                  0000026c    000004dc     uartstdio.obj (.text)
                  00000748    00000344     adc_timer_uart.obj (.text)
                  00000a8c    00000132     driverlib.lib : gpio.obj (.text:GPIOPadConfigSet)
                  00000bbe    00000002     rtsv7M4_T_le_v4SPD16_eabi.lib : div0.asm.obj (.text)
                  00000bc0    00000110     driverlib.lib : sysctl.obj (.text:SysCtlClockGet)
                  00000cd0    000000f4                   : sysctl.obj (.text:SysCtlClockSet)
                  00000dc4    0000009c     rtsv7M4_T_le_v4SPD16_eabi.lib : memcpy_t2.asm.obj (.text)
                  00000e60    0000007a     driverlib.lib : adc.obj (.text:ADCSequenceStepConfigure)
                  00000eda    00000002     --HOLE-- [fill = 0]
                  00000edc    00000068                   : interrupt.obj (.text:IntEnable)
                  00000f44    00000068     rtsv7M4_T_le_v4SPD16_eabi.lib : copy_decompress_lzss.c.obj (.text:decompress:lzss:__TI_decompress_lzss)
                  00000fac    00000060     driverlib.lib : timer.obj (.text:TimerConfigure)
                  0000100c    00000050                   : adc.obj (.text:ADCSequenceConfigure)
                  0000105c    00000048                   : gpio.obj (.text:GPIOPinConfigure)
                  000010a4    00000044     rtsv7M4_T_le_v4SPD16_eabi.lib : autoinit.c.obj (.text:__TI_auto_init_nobinit_nopinit:__TI_auto_init_nobinit_nopinit)
                  000010e8    00000040                                   : u_divt2.asm.obj (.text)
                  00001128    0000003c     driverlib.lib : ssi.obj (.text:SSIConfigSetExpClk)
                  00001164    00000034                   : sysctl.obj (.text:SysCtlPeripheralEnable)
                  00001198    00000034     rtsv7M4_T_le_v4SPD16_eabi.lib : boot_cortex_m.c.obj (.text:_c_int00_noargs:_c_int00_noargs)
                  000011cc    0000002e     driverlib.lib : adc.obj (.text:ADCIntStatus)
                  000011fa    0000002a                   : gpio.obj (.text:GPIODirModeSet)
                  00001224    0000001e                   : adc.obj (.text:ADCSequenceDataGet)
                  00001242    0000001c     rtsv7M4_T_le_v4SPD16_eabi.lib : copy_zero_init.c.obj (.text:decompress:ZI:__TI_zero_init_nomemset:__TI_zero_init_nomemset)
                  0000125e    00000018     driverlib.lib : adc.obj (.text:ADCProcessorTrigger)
                  00001276    00000018                   : gpio.obj (.text:GPIOPinTypeGPIOOutput)
                  0000128e    00000012                   : gpio.obj (.text:GPIOPinTypeADC)
                  000012a0    00000012                   : gpio.obj (.text:GPIOPinTypeGPIOInput)
                  000012b2    00000012                   : gpio.obj (.text:GPIOPinTypeSSI)
                  000012c4    00000012                   : gpio.obj (.text:GPIOPinTypeUART)
                  000012d6    00000012                   : ssi.obj (.text:SSIDataGetNonBlocking)
                  000012e8    00000012                   : timer.obj (.text:TimerLoadSet)
                  000012fa    00000010                   : interrupt.obj (.text:IntMasterEnable)
                  0000130a    0000000e                   : adc.obj (.text:ADCSequenceEnable)
                  00001318    0000000e                   : timer.obj (.text:TimerEnable)
                  00001326    0000000e     rtsv7M4_T_le_v4SPD16_eabi.lib : copy_decompress_none.c.obj (.text:decompress:none:__TI_decompress_none)
                  00001334    0000000c     driverlib.lib : cpu.obj (.text:CPUcpsie)
                  00001340    0000000c     adc_timer_uart_startup_ccs.obj (.text)
                  0000134c    0000000a     driverlib.lib : adc.obj (.text:ADCIntClear)
                  00001356    0000000a                   : ssi.obj (.text:SSIEnable)
                  00001360    00000008                   : timer.obj (.text:TimerIntEnable)
                  00001368    00000006                   : gpio.obj (.text:GPIOPinRead)
                  0000136e    00000006                   : gpio.obj (.text:GPIOPinWrite)
                  00001374    00000006                   : sysctl.obj (.text:SysCtlDelay)
                  0000137a    00000006                   : uart.obj (.text:UARTClockSourceSet)
                  00001380    00000004                   : timer.obj (.text:TimerIntClear)
                  00001384    00000004     rtsv7M4_T_le_v4SPD16_eabi.lib : pre_init.c.obj (.text:_system_pre_init)
                  00001388    00000004                                   : exit.c.obj (.text:abort:abort)

.const     0    0000138c    0000019c     
                  0000138c    00000090     driverlib.lib : gpio.obj (.const:g_pui32GPIOBaseAddrs)
                  0000141c    00000070                   : interrupt.obj (.const)
                  0000148c    0000006c                   : sysctl.obj (.const:g_pui32Xtals)
                  000014f8    00000012     uartstdio.obj (.const:.string)
                  0000150a    00000002     --HOLE-- [fill = 0]
                  0000150c    0000000c     uartstdio.obj (.const:g_ui32UARTBase)
                  00001518    0000000c     uartstdio.obj (.const:g_ui32UARTPeriph)
                  00001524    00000004     uartstdio.obj (.const)

.cinit     0    00001528    00000038     
                  00001528    0000000e     (.cinit..data.load) [load image, compression = lzss]
                  00001536    00000002     --HOLE-- [fill = 0]
                  00001538    0000000c     (__TI_handler_table)
                  00001544    00000004     --HOLE-- [fill = 0]
                  00001548    00000008     (.cinit..bss.load) [load image, compression = zero_init]
                  00001550    00000010     (__TI_cinit_table)

.init_array 
*          0    00000000    00000000     UNINITIALIZED

.data      0    20000200    00000025     UNINITIALIZED
                  20000200    0000001e     adc_timer_uart.obj (.data)
                  2000021e    00000002     --HOLE--
                  20000220    00000005     uartstdio.obj (.data)

.bss       0    20000228    00000004     UNINITIALIZED
                  20000228    00000004     (.common:pui32residual)

.stack     0    20000000    00000200     UNINITIALIZED
                  20000000    00000004     rtsv7M4_T_le_v4SPD16_eabi.lib : boot_cortex_m.c.obj (.stack)
                  20000004    000001fc     --HOLE--

__llvm_prf_cnts 
*          0    20000000    00000000     UNINITIALIZED

MODULE SUMMARY

       Module                           code   ro data   rw data
       ------                           ----   -------   -------
    .\
       uartstdio.obj                    1244   46        5      
       adc_timer_uart.obj               836    0         34     
       adc_timer_uart_startup_ccs.obj   12     620       0      
    +--+--------------------------------+------+---------+---------+
       Total:                           2092   666       39     
                                                                
    C:/ti/TivaWare_C_Series-2.1.4.178/driverlib/ccs/Debug/driverlib.lib
       sysctl.obj                       574    108       0      
       gpio.obj                         528    144       0      
       adc.obj                          326    0         0      
       interrupt.obj                    120    112       0      
       timer.obj                        140    0         0      
       ssi.obj                          88     0         0      
       cpu.obj                          12     0         0      
       uart.obj                         6      0         0      
    +--+--------------------------------+------+---------+---------+
       Total:                           1794   364       0      
                                                                
    C:\ti\ccs1110\ccs\tools\compiler\ti-cgt-arm_20.2.6.LTS\lib\rtsv7M4_T_le_v4SPD16_eabi.lib
       memcpy_t2.asm.obj                156    0         0      
       copy_decompress_lzss.c.obj       104    0         0      
       autoinit.c.obj                   68     0         0      
       u_divt2.asm.obj                  64     0         0      
       boot_cortex_m.c.obj              52     0         0      
       copy_zero_init.c.obj             28     0         0      
       copy_decompress_none.c.obj       14     0         0      
       exit.c.obj                       4      0         0      
       pre_init.c.obj                   4      0         0      
       div0.asm.obj                     2      0         0      
    +--+--------------------------------+------+---------+---------+
       Total:                           496    0         0      
                                                                
       Stack:                           0      0         512    
       Linker Generated:                0      50        0      
    +--+--------------------------------+------+---------+---------+
       Grand Total:                     4382   1080      551    


LINKER GENERATED COPY TABLES

__TI_cinit_table @ 00001550 records: 2, size/record: 8, table size: 16
	.data: load addr=00001528, load size=0000000e bytes, run addr=20000200, run size=00000025 bytes, compression=lzss
	.bss: load addr=00001548, load size=00000008 bytes, run addr=20000228, run size=00000004 bytes, compression=zero_init


LINKER GENERATED HANDLER TABLE

__TI_handler_table @ 00001538 records: 3, size/record: 4, table size: 12
	index: 0, handler: __TI_decompress_lzss
	index: 1, handler: __TI_decompress_none
	index: 2, handler: __TI_zero_init


GLOBAL SYMBOLS: SORTED ALPHABETICALLY BY Name 

address   name                          
-------   ----                          
0000134d  ADCIntClear                   
000011cd  ADCIntStatus                  
0000125f  ADCProcessorTrigger           
0000100d  ADCSequenceConfigure          
00001225  ADCSequenceDataGet            
0000130b  ADCSequenceEnable             
00000e61  ADCSequenceStepConfigure      
00001389  C$$EXIT                       
00001335  CPUcpsie                      
000011fb  GPIODirModeSet                
00000a8d  GPIOPadConfigSet              
0000105d  GPIOPinConfigure              
00001369  GPIOPinRead                   
0000128f  GPIOPinTypeADC                
000012a1  GPIOPinTypeGPIOInput          
00001277  GPIOPinTypeGPIOOutput         
000012b3  GPIOPinTypeSSI                
000012c5  GPIOPinTypeUART               
0000136f  GPIOPinWrite                  
0000095b  InitConsole                   
000009b1  InitSPI                       
00000edd  IntEnable                     
000012fb  IntMasterEnable               
00001341  ResetISR                      
00001129  SSIConfigSetExpClk            
000012d7  SSIDataGetNonBlocking         
00001357  SSIEnable                     
00000bc1  SysCtlClockGet                
00000cd1  SysCtlClockSet                
00001375  SysCtlDelay                   
00001165  SysCtlPeripheralEnable        
0000085b  Timer0IntHandler              
00000fad  TimerConfigure                
00001319  TimerEnable                   
00001381  TimerIntClear                 
00001361  TimerIntEnable                
000012e9  TimerLoadSet                  
0000137b  UARTClockSourceSet            
0000026d  UARTStdioConfig               
000003e5  UARTgetc                      
0000031f  UARTgets                      
00000713  UARTprintf                    
00000419  UARTvprintf                   
000002cd  UARTwrite                     
20000200  __STACK_END                   
00000200  __STACK_SIZE                  
20000200  __STACK_TOP                   
00001550  __TI_CINIT_Base               
00001560  __TI_CINIT_Limit              
00001538  __TI_Handler_Table_Base       
00001544  __TI_Handler_Table_Limit      
000010a5  __TI_auto_init_nobinit_nopinit
00000f45  __TI_decompress_lzss          
00001327  __TI_decompress_none          
ffffffff  __TI_pprof_out_hndl           
ffffffff  __TI_prof_data_size           
ffffffff  __TI_prof_data_start          
00000000  __TI_static_base__            
00001243  __TI_zero_init_nomemset       
00000bbf  __aeabi_idiv0                 
00000bbf  __aeabi_ldiv0                 
00000dc5  __aeabi_memcpy                
00000dc5  __aeabi_memcpy4               
00000dc5  __aeabi_memcpy8               
000010e9  __aeabi_uidiv                 
000010e9  __aeabi_uidivmod              
ffffffff  __binit__                     
ffffffff  __c_args__                    
UNDEFED   __mpu_init                    
20000000  __stack                       
20000000  __start___llvm_prf_cnts       
20000000  __stop___llvm_prf_cnts        
00001199  _c_int00_noargs               
UNDEFED   _system_post_cinit            
00001385  _system_pre_init              
00001389  abort                         
ffffffff  binit                         
00000997  delayMs                       
00000000  g_pfnVectors                  
20000218  landa1                        
2000021d  leo                           
00000749  main                          
00000dc5  memcpy                        
20000228  pui32residual                 
2000021c  turno                         
20000200  x1_n                          
20000208  x1_n_1                        
20000210  x1_n_2                        
20000204  y1_n                          
2000020c  y1_n_1                        
20000214  y1_n_2                        


GLOBAL SYMBOLS: SORTED BY Symbol Address 

address   name                          
-------   ----                          
00000000  __TI_static_base__            
00000000  g_pfnVectors                  
00000200  __STACK_SIZE                  
0000026d  UARTStdioConfig               
000002cd  UARTwrite                     
0000031f  UARTgets                      
000003e5  UARTgetc                      
00000419  UARTvprintf                   
00000713  UARTprintf                    
00000749  main                          
0000085b  Timer0IntHandler              
0000095b  InitConsole                   
00000997  delayMs                       
000009b1  InitSPI                       
00000a8d  GPIOPadConfigSet              
00000bbf  __aeabi_idiv0                 
00000bbf  __aeabi_ldiv0                 
00000bc1  SysCtlClockGet                
00000cd1  SysCtlClockSet                
00000dc5  __aeabi_memcpy                
00000dc5  __aeabi_memcpy4               
00000dc5  __aeabi_memcpy8               
00000dc5  memcpy                        
00000e61  ADCSequenceStepConfigure      
00000edd  IntEnable                     
00000f45  __TI_decompress_lzss          
00000fad  TimerConfigure                
0000100d  ADCSequenceConfigure          
0000105d  GPIOPinConfigure              
000010a5  __TI_auto_init_nobinit_nopinit
000010e9  __aeabi_uidiv                 
000010e9  __aeabi_uidivmod              
00001129  SSIConfigSetExpClk            
00001165  SysCtlPeripheralEnable        
00001199  _c_int00_noargs               
000011cd  ADCIntStatus                  
000011fb  GPIODirModeSet                
00001225  ADCSequenceDataGet            
00001243  __TI_zero_init_nomemset       
0000125f  ADCProcessorTrigger           
00001277  GPIOPinTypeGPIOOutput         
0000128f  GPIOPinTypeADC                
000012a1  GPIOPinTypeGPIOInput          
000012b3  GPIOPinTypeSSI                
000012c5  GPIOPinTypeUART               
000012d7  SSIDataGetNonBlocking         
000012e9  TimerLoadSet                  
000012fb  IntMasterEnable               
0000130b  ADCSequenceEnable             
00001319  TimerEnable                   
00001327  __TI_decompress_none          
00001335  CPUcpsie                      
00001341  ResetISR                      
0000134d  ADCIntClear                   
00001357  SSIEnable                     
00001361  TimerIntEnable                
00001369  GPIOPinRead                   
0000136f  GPIOPinWrite                  
00001375  SysCtlDelay                   
0000137b  UARTClockSourceSet            
00001381  TimerIntClear                 
00001385  _system_pre_init              
00001389  C$$EXIT                       
00001389  abort                         
00001538  __TI_Handler_Table_Base       
00001544  __TI_Handler_Table_Limit      
00001550  __TI_CINIT_Base               
00001560  __TI_CINIT_Limit              
20000000  __stack                       
20000000  __start___llvm_prf_cnts       
20000000  __stop___llvm_prf_cnts        
20000200  __STACK_END                   
20000200  __STACK_TOP                   
20000200  x1_n                          
20000204  y1_n                          
20000208  x1_n_1                        
2000020c  y1_n_1                        
20000210  x1_n_2                        
20000214  y1_n_2                        
20000218  landa1                        
2000021c  turno                         
2000021d  leo                           
20000228  pui32residual                 
ffffffff  __TI_pprof_out_hndl           
ffffffff  __TI_prof_data_size           
ffffffff  __TI_prof_data_start          
ffffffff  __binit__                     
ffffffff  __c_args__                    
ffffffff  binit                         
UNDEFED   __mpu_init                    
UNDEFED   _system_post_cinit            

[91 symbols]
